Microchip MPLAB XC8 Compiler V2.40

Linker command line:

-W-3 \
  --edf=C:\Program Files\Microchip\xc8\v2.40\pic\dat\20220703182018_en.msgs \
  -cn -h+dist/default/production\Proyecto_Final.X.production.sym \
  --cmf=dist/default/production\Proyecto_Final.X.production.cmf -z -Q16F887 \
  -oC:\Users\camil\AppData\Local\Temp\xcAs9eo.4 --defsym=__MPLAB_BUILD=1 \
  --fixupoverflow=error \
  -Mdist/default/production/Proyecto_Final.X.production.map \
  --md=C:\Users\camil\AppData\Local\Temp\xcAs9eo.dat -E1 -ver=XC8 Compiler \
  --acfsm=1493 -ACODE=00h-07FFhx4 -ASTRCODE=00h-01FFFh -ASTRING=00h-0FFhx32 \
  -ACONST=00h-0FFhx32 -AENTRY=00h-0FFhx32 -ACOMMON=070h-07Fh \
  -ABANK0=020h-06Fh -ABANK1=0A0h-0EFh -ABANK2=0110h-016Fh \
  -ABANK3=0190h-01EFh -ARAM=020h-06Fh,0A0h-0EFh,0110h-016Fh,0190h-01EFh \
  -AABS1=020h-07Fh,0A0h-0EFh,0110h-016Fh,0190h-01EFh -ASFR0=00h-01Fh \
  -ASFR1=080h-09Fh -ASFR2=0100h-010Fh -ASFR3=0180h-018Fh \
  -ACONFIG=02007h-02008h -DCONFIG=2 -AIDLOC=02000h-02003h -DIDLOC=2 \
  -AEEDATA=00h-0FFh/02100h -peeprom_data=EEDATA -DEEDATA=2 -DCODE=2 \
  -DSTRCODE=2 -DSTRING=2 -DCONST=2 -DENTRY=2 \
  -preset_vec=00h,intentry,init,end_init -ppowerup=CODE -pcinit=CODE \
  -pfunctab=ENTRY -k C:\Users\camil\AppData\Local\Temp\xcAs9eo.o \
  dist/default/production\Proyecto_Final.X.production.o 

Object code version is 3.11

Machine type is 16F887



                Name                               Link     Load   Length Selector   Space Scale
C:\Users\camil\AppData\Local\Temp\xcAs9eo.o
                end_init                              0        0        3        0       0
                config                             2007     2007        2        0       4
dist/default/production\Proyecto_Final.X.production.o
                cinit                               7E3      7E3       1D      FC6       0
                config                             2007     2007        2        0       4
                text27                             140B     140B       36     2816       0
                text26                               14       14       10       28       0
                text25                             13AF     13AF       2A     275E       0
                text24                             1441     1441       36     2882       0
                text23                             1316     1316       26     262C       0
                text22                             133C     133C       26     2678       0
                text21                             16C1     16C1       9D     2D82       0
                text20                             14B1     14B1       44     2962       0
                text19                                A        A        A       14       0
                text18                             1362     1362       26     26C4       0
                text17                              BD5      BD5      1D3     17AA       0
                text16                              DA8      DA8      258     1B50       0
                text15                             1587     1587       50     2B0E       0
                text14                             1633     1633       8E     2C66       0
                text13                             175E     175E       A2     2EBC       0
                text12                              80C      80C       B8     1018       0
                text11                             1388     1388       27     2710       0
                text10                               24       24      345       48       0
                text9                               8C4      8C4       DA     1188       0
                text8                              1539     1539       4E     2A72       0
                text7                              15D7     15D7       5C     2BAE       0
                text6                               A8F      A8F      146     151E       0
                text5                              14F5     14F5       44     29EA       0
                text4                              1477     1477       3A     28EE       0
                text3                               99E      99E       F1     133C       0
                text2                              13D9     13D9       32     27B2       0
                text1                              12F1     12F1       25     25E2       0
                maintext                            369      369      47A      6D2       0
                cstackBANK0                          20       20       4F       20       1
                cstackCOMMON                         70       70        E       70       1
                cstackBANK1                          A0       A0       23       A0       1
                cstackBANK3                         190      190       30      190       1
                clrtext                             804      804        8     1008       0
                bssBANK2                            110      110       32      110       1
                bssBANK3                            1C0      1C0        6      190       1
                bssBANK1                             C3       C3        3       A0       1
                bssBANK0                             6F       6F        1       20       1
                strings                            1000     1000       B6     2000       0

TOTAL           Name                               Link     Load   Length     Space
        CLASS   CODE           
                end_init                              0        0        3         0
                cinit                               7E3      7E3       1D         0
                text27                             140B     140B       36         0
                text26                               14       14       10         0
                text25                             13AF     13AF       2A         0
                text24                             1441     1441       36         0
                text23                             1316     1316       26         0
                text22                             133C     133C       26         0
                text21                             16C1     16C1       9D         0
                text20                             14B1     14B1       44         0
                text19                                A        A        A         0
                text18                             1362     1362       26         0
                text17                              BD5      BD5      1D3         0
                text16                              DA8      DA8      258         0
                text15                             1587     1587       50         0
                text14                             1633     1633       8E         0
                text13                             175E     175E       A2         0
                text12                              80C      80C       B8         0
                text11                             1388     1388       27         0
                text10                               24       24      345         0
                text9                               8C4      8C4       DA         0
                text8                              1539     1539       4E         0
                text7                              15D7     15D7       5C         0
                text6                               A8F      A8F      146         0
                text5                              14F5     14F5       44         0
                text4                              1477     1477       3A         0
                text3                               99E      99E       F1         0
                text2                              13D9     13D9       32         0
                text1                              12F1     12F1       25         0
                maintext                            369      369      47A         0
                clrtext                             804      804        8         0

        CLASS   STRCODE        

        CLASS   STRING         
                strings                            1000     1000       B6         0

        CLASS   CONST          

        CLASS   ENTRY          

        CLASS   COMMON         
                cstackCOMMON                         70       70        E         1

        CLASS   BANK0          
                cstackBANK0                          20       20       4F         1
                bssBANK0                             6F       6F        1         1

        CLASS   BANK1          
                cstackBANK1                          A0       A0       23         1
                bssBANK1                             C3       C3        3         1

        CLASS   BANK2          
                bssBANK2                            110      110       32         1

        CLASS   BANK3          
                cstackBANK3                         190      190       30         1
                bssBANK3                            1C0      1C0        6         1

        CLASS   RAM            

        CLASS   ABS1           
                abs_s1                               7E       7E        2         1

        CLASS   SFR0           

        CLASS   SFR1           

        CLASS   SFR2           

        CLASS   SFR3           

        CLASS   CONFIG         
                config                             2007     2007        2         4

        CLASS   IDLOC          

        CLASS   EEDATA         

        CLASS   STACK          



SEGMENTS        Name                           Load    Length   Top    Selector   Space  Class     Delta

                reset_vec                      000000  000003  000003         0       0  CODE        2
                text19                         00000A  00000A  000014        14       0  CODE        2
                cstackBANK0                    000020  000050  000070        20       1  BANK0       1
                text26                         000014  000010  000024        28       0  CODE        2
                text10                         000024  000345  000369        48       0  CODE        2
                cstackCOMMON                   000070  00000E  00007E        70       1  COMMON      1
                cstackBANK1                    0000A0  000026  0000C6        A0       1  BANK1       1
                bssBANK2                       000110  000032  000142       110       1  BANK2       1
                cstackBANK3                    000190  000036  0001C6       190       1  BANK3       1
                maintext                       000369  00047A  0007E3       6D2       0  CODE        2
                cinit                          0007E3  00001D  000800       FC6       0  CODE        2
                clrtext                        000804  000008  00080C      1008       0  CODE        2
                text12                         00080C  0000B8  0008C4      1018       0  CODE        2
                text9                          0008C4  0000DA  00099E      1188       0  CODE        2
                text3                          00099E  0000F1  000A8F      133C       0  CODE        2
                text6                          000A8F  000146  000BD5      151E       0  CODE        2
                text17                         000BD5  0001D3  000DA8      17AA       0  CODE        2
                text16                         000DA8  000258  001000      1B50       0  CODE        2
                strings                        001000  0000B6  0010B6      2000       0  STRING      2
                text1                          0012F1  000025  001316      25E2       0  CODE        2
                text23                         001316  000026  00133C      262C       0  CODE        2
                text22                         00133C  000026  001362      2678       0  CODE        2
                text18                         001362  000026  001388      26C4       0  CODE        2
                text11                         001388  000027  0013AF      2710       0  CODE        2
                text25                         0013AF  00002A  0013D9      275E       0  CODE        2
                text2                          0013D9  000032  00140B      27B2       0  CODE        2
                text27                         00140B  000036  001441      2816       0  CODE        2
                text24                         001441  000036  001477      2882       0  CODE        2
                text4                          001477  00003A  0014B1      28EE       0  CODE        2
                text20                         0014B1  000044  0014F5      2962       0  CODE        2
                text5                          0014F5  000044  001539      29EA       0  CODE        2
                text8                          001539  00004E  001587      2A72       0  CODE        2
                text15                         001587  000050  0015D7      2B0E       0  CODE        2
                text7                          0015D7  00005C  001633      2BAE       0  CODE        2
                text14                         001633  00008E  0016C1      2C66       0  CODE        2
                text21                         0016C1  00009D  00175E      2D82       0  CODE        2
                text13                         00175E  0000A2  001800      2EBC       0  CODE        2


UNUSED ADDRESS RANGES

        Name                Unused          Largest block    Delta
        BANK1            00C6-00EF             2A           1
        BANK2            0142-016F             2E           1
        BANK3            01C6-01EF             2A           1
        CODE             0003-0009              7           2
                         0800-0803              4
                         10B6-12F0            23B
                         1800-1FFF            800
        CONST            0003-0009              7           2
                         0800-0803              4
                         10B6-12F0            100
                         1800-1FFF            100
        EEDATA           2100-21FF            100           2
        ENTRY            0003-0009              7           2
                         0800-0803              4
                         10B6-12F0            100
                         1800-1FFF            100
        IDLOC            2000-2003              4           2
        RAM              00C6-00EF             2A           1
                         0142-016F             2E
                         01C6-01EF             2A
        SFR0             0000-001F             20           1
        SFR1             0080-009F             20           1
        SFR2             0100-010F             10           1
        SFR3             0180-018F             10           1
        STRCODE          0003-0009              7           2
                         0800-0803              4
                         10B6-12F0            23B
                         1800-1FFF            800
        STRING           0003-0009              7           2
                         0800-0803              4
                         10B6-12F0            100
                         1800-1FFF            100

                                  Symbol Table

?__Umul8_16               cstackCOMMON 0070
?___aldiv                 cstackCOMMON 0070
?___fladd                 cstackBANK0  0059
?___fldiv                 cstackBANK0  003F
?___flmul                 cstackBANK0  0025
?___flsub                 cstackBANK1  00A0
?___fltol                 cstackBANK1  00A8
?___lwdiv                 cstackCOMMON 0070
?___lwmod                 cstackCOMMON 0078
?___xxtofl                cstackCOMMON 0070
?_eval_poly               cstackBANK1  00A0
?_frexp                   cstackBANK0  0020
?_log                     cstackBANK1  00B0
?_sprintf                 cstackBANK1  00B0
LCD_Char@dat              cstackCOMMON 0072
LCD_Command@cmd           cstackCOMMON 0072
LCD_String@msg            cstackCOMMON 0073
LCD_String_xy@location    cstackCOMMON 0079
LCD_String_xy@msg         cstackCOMMON 0076
LCD_String_xy@pos         cstackCOMMON 0075
LCD_String_xy@row         cstackCOMMON 0078
USART_Init@baud_rate      cstackBANK0  0026
USART_SendString@out      cstackCOMMON 0071
USART_TxChar@out          cstackCOMMON 0070
_ADCON0bits               (abs)        001F
_ADCON1bits               (abs)        009F
_ADRESH                   (abs)        001E
_ADRESL                   (abs)        009E
_ANSEL                    (abs)        0188
_CREN                     (abs)        00C4
_LCD_Char                 text24       1441
_LCD_Clear                text26       0014
_LCD_Command              text27       140B
_LCD_Init                 text25       13AF
_LCD_String               text23       1316
_LCD_String_xy            text22       133C
_OSCCON                   (abs)        008F
_PORTCbits                (abs)        0007
_PORTD                    (abs)        0008
_PORTDbits                (abs)        0008
_PORTE                    (abs)        0009
_RCIF                     (abs)        0065
_RCREG                    (abs)        001A
_RCSTA                    (abs)        0018
_RCSTAbits                (abs)        0018
_SPBRG                    (abs)        0099
_TRISA0                   (abs)        0428
_TRISC0                   (abs)        0438
_TRISC1                   (abs)        0439
_TRISC3                   (abs)        043B
_TRISC6                   (abs)        043E
_TRISC7                   (abs)        043F
_TRISD                    (abs)        0088
_TRISE                    (abs)        0089
_TXIF                     (abs)        0064
_TXREG                    (abs)        0019
_TXSTA                    (abs)        0098
_USART_Init               text20       14B1
_USART_Init$1056          cstackCOMMON 0079
_USART_SendString         text18       1362
_USART_TxChar             text19       000A
__Habs1                   abs1         0000
__Hbank0                  bank0        0000
__Hbank1                  bank1        0000
__Hbank2                  bank2        0000
__Hbank3                  bank3        0000
__HbssBANK0               bssBANK0     0000
__HbssBANK1               bssBANK1     0000
__HbssBANK2               bssBANK2     0000
__HbssBANK3               bssBANK3     0000
__Hcinit                  cinit        0800
__Hclrtext                clrtext      0000
__Hcode                   code         0000
__Hcommon                 common       0000
__Hconfig                 config       2009
__HcstackBANK0            cstackBANK0  0000
__HcstackBANK1            cstackBANK1  0000
__HcstackBANK3            cstackBANK3  0000
__HcstackCOMMON           cstackCOMMON 0000
__Heeprom_data            eeprom_data  0000
__Hend_init               end_init     0003
__Hfunctab                functab      0000
__Hinit                   init         0000
__Hintentry               intentry     0000
__Hmaintext               maintext     0000
__Hpowerup                powerup      0000
__Hram                    ram          0000
__Hreset_vec              reset_vec    0000
__Hsfr0                   sfr0         0000
__Hsfr1                   sfr1         0000
__Hsfr2                   sfr2         0000
__Hsfr3                   sfr3         0000
__Hspace_0                (abs)        1800
__Hspace_1                (abs)        01C6
__Hspace_2                (abs)        0000
__Hspace_3                (abs)        0000
__Hspace_4                (abs)        4010
__Hstack                  stack        0000
__Hstrings                strings      0000
__Htext                   text         0000
__Labs1                   abs1         0000
__Lbank0                  bank0        0000
__Lbank1                  bank1        0000
__Lbank2                  bank2        0000
__Lbank3                  bank3        0000
__LbssBANK0               bssBANK0     0000
__LbssBANK1               bssBANK1     0000
__LbssBANK2               bssBANK2     0000
__LbssBANK3               bssBANK3     0000
__Lcinit                  cinit        07E3
__Lclrtext                clrtext      0000
__Lcode                   code         0000
__Lcommon                 common       0000
__Lconfig                 config       0000
__LcstackBANK0            cstackBANK0  0000
__LcstackBANK1            cstackBANK1  0000
__LcstackBANK3            cstackBANK3  0000
__LcstackCOMMON           cstackCOMMON 0000
__Leeprom_data            eeprom_data  0000
__Lend_init               end_init     0000
__Lfunctab                functab      0000
__Linit                   init         0000
__Lintentry               intentry     0000
__Lmaintext               maintext     0000
__Lpowerup                powerup      0000
__Lram                    ram          0000
__Lreset_vec              reset_vec    0000
__Lsfr0                   sfr0         0000
__Lsfr1                   sfr1         0000
__Lsfr2                   sfr2         0000
__Lsfr3                   sfr3         0000
__Lspace_0                (abs)        0000
__Lspace_1                (abs)        0000
__Lspace_2                (abs)        0000
__Lspace_3                (abs)        0000
__Lspace_4                (abs)        0000
__Lstack                  stack        0000
__Lstrings                strings      0000
__Ltext                   text         0000
__S0                      (abs)        1800
__S1                      (abs)        01C6
__S3                      (abs)        0000
__Umul8_16                text11       1388
__Umul8_16@multiplicand   cstackCOMMON 0070
__Umul8_16@multiplier     cstackCOMMON 0078
__Umul8_16@product        cstackCOMMON 0074
__Umul8_16@word_mpld      cstackCOMMON 0076
___aldiv                  text21       16C1
___aldiv@counter          cstackBANK0  0020
___aldiv@dividend         cstackCOMMON 0074
___aldiv@divisor          cstackCOMMON 0070
___aldiv@quotient         cstackBANK0  0022
___aldiv@sign             cstackBANK0  0021
___fladd                  text16       0DA8
___fladd@a                cstackBANK0  005D
___fladd@aexp             cstackBANK0  006A
___fladd@b                cstackBANK0  0059
___fladd@bexp             cstackBANK0  006B
___fladd@grs              cstackBANK0  006C
___fladd@signs            cstackBANK0  0069
___fldiv                  text17       0BD5
___fldiv@a                cstackBANK0  003F
___fldiv@aexp             cstackBANK0  0058
___fldiv@b                cstackBANK0  0043
___fldiv@bexp             cstackBANK0  0057
___fldiv@grs              cstackBANK0  0053
___fldiv@new_exp          cstackBANK0  0051
___fldiv@rem              cstackBANK0  004C
___fldiv@sign             cstackBANK0  0050
___fleq                   text8        1539
___fleq@ff1               cstackCOMMON 0070
___fleq@ff2               cstackCOMMON 0074
___flge                   text13       175E
___flge@ff1               cstackCOMMON 0070
___flge@ff2               cstackCOMMON 0074
___flmul                  text10       0024
___flmul@a                cstackBANK0  0029
___flmul@aexp             cstackBANK0  0033
___flmul@b                cstackBANK0  0025
___flmul@bexp             cstackBANK0  0038
___flmul@grs              cstackBANK0  0034
___flmul@prod             cstackBANK0  0039
___flmul@sign             cstackBANK0  0032
___flmul@temp             cstackBANK0  003D
___flsub                  text15       1587
___flsub@a                cstackBANK1  00A0
___flsub@b                cstackBANK1  00A4
___fltol                  text14       1633
___fltol@exp1             cstackBANK0  006E
___fltol@f1               cstackBANK1  00A8
___fltol@sign1            cstackBANK0  006D
___int_sp                 stack        0000
___latbits                (abs)        0002
___lwdiv                  text5        14F5
___lwdiv@counter          cstackCOMMON 0077
___lwdiv@dividend         cstackCOMMON 0072
___lwdiv@divisor          cstackCOMMON 0070
___lwdiv@quotient         cstackCOMMON 0075
___lwmod                  text4        1477
___lwmod@counter          cstackCOMMON 007D
___lwmod@dividend         cstackCOMMON 007A
___lwmod@divisor          cstackCOMMON 0078
___sp                     stack        0000
___stackhi                (abs)        0000
___stacklo                (abs)        0000
___xxtofl                 text12       080C
___xxtofl@arg             cstackCOMMON 007A
___xxtofl@exp             cstackCOMMON 0079
___xxtofl@sign            cstackCOMMON 0078
___xxtofl@val             cstackCOMMON 0070
__end_of_LCD_Char         text24       1477
__end_of_LCD_Clear        text26       0024
__end_of_LCD_Command      text27       1441
__end_of_LCD_Init         text25       13D9
__end_of_LCD_String       text23       133C
__end_of_LCD_String_xy    text22       1362
__end_of_USART_Init       text20       14F5
__end_of_USART_SendString text18       1388
__end_of_USART_TxChar     text19       0014
__end_of__Umul8_16        text11       13AF
__end_of___aldiv          text21       175E
__end_of___fladd          text16       1000
__end_of___fldiv          text17       0DA8
__end_of___fleq           text8        1587
__end_of___flge           text13       1800
__end_of___flmul          text10       0369
__end_of___flsub          text15       15D7
__end_of___fltol          text14       16C1
__end_of___lwdiv          text5        1539
__end_of___lwmod          text4        14B1
__end_of___xxtofl         text12       08C4
__end_of__initialization  cinit        07FC
__end_of__stringtab       strings      1010
__end_of_dpowers          strings      101A
__end_of_eval_poly        text9        099E
__end_of_frexp            text7        1633
__end_of_log              text6        0BD5
__end_of_main             maintext     07E3
__end_of_sprintf          text3        0A8F
__end_of_strcat           text2        140B
__end_of_strcpy           text1        1316
__end_oflog@coeff         strings      103E
__initialization          cinit        07E3
__pbssBANK0               bssBANK0     006F
__pbssBANK1               bssBANK1     00C3
__pbssBANK2               bssBANK2     0110
__pbssBANK3               bssBANK3     01C0
__pcstackBANK0            cstackBANK0  0020
__pcstackBANK1            cstackBANK1  00A0
__pcstackBANK3            cstackBANK3  0190
__pcstackCOMMON           cstackCOMMON 0070
__pmaintext               maintext     0369
__pstrings                strings      1000
__ptext1                  text1        12F1
__ptext10                 text10       0024
__ptext11                 text11       1388
__ptext12                 text12       080C
__ptext13                 text13       175E
__ptext14                 text14       1633
__ptext15                 text15       1587
__ptext16                 text16       0DA8
__ptext17                 text17       0BD5
__ptext18                 text18       1362
__ptext19                 text19       000A
__ptext2                  text2        13D9
__ptext20                 text20       14B1
__ptext21                 text21       16C1
__ptext22                 text22       133C
__ptext23                 text23       1316
__ptext24                 text24       1441
__ptext25                 text25       13AF
__ptext26                 text26       0014
__ptext27                 text27       140B
__ptext3                  text3        099E
__ptext4                  text4        1477
__ptext5                  text5        14F5
__ptext6                  text6        0A8F
__ptext7                  text7        15D7
__ptext8                  text8        1539
__ptext9                  text9        08C4
__stringbase              strings      100F
__stringtab               strings      1000
_dpowers                  strings      1010
_errno                    bssBANK1     00C3
_eval_poly                text9        08C4
_frexp                    text7        15D7
_log                      text6        0A8F
_main                     maintext     0369
_main$1053                cstackBANK3  01A8
_main$1054                cstackBANK3  01AC
_main$1055                cstackBANK3  01B0
_sprintf                  text3        099E
_strcat                   text2        13D9
_strcpy                   text1        12F1
_stringBT                 bssBANK2     0110
_temp                     bssBANK3     01C0
_value_adc                bssBANK3     01C4
btemp                     (abs)        007E
clear_ram0                clrtext      0804
end_of_initialization     cinit        07FC
eval_poly@d               cstackBANK1  00A4
eval_poly@n               cstackBANK1  00A5
eval_poly@res             cstackBANK1  00AC
eval_poly@x               cstackBANK1  00A0
frexp@eptr                cstackBANK0  0024
frexp@value               cstackBANK0  0020
intlevel0                 functab      0000
intlevel1                 functab      0000
intlevel2                 functab      0000
intlevel3                 functab      0000
intlevel4                 functab      0000
intlevel5                 functab      0000
log@coeff                 strings      101A
log@exponent              cstackBANK0  006D
log@x                     cstackBANK1  00B0
main@CHOQUE               cstackBANK3  019A
main@GAS                  cstackBANK3  01B4
main@MER                  cstackBANK3  01B8
main@Temperature          cstackBANK3  0190
main@a                    cstackBANK3  01A4
main@tempC                cstackBANK3  01BC
reset_vec                 reset_vec    0000
sprintf@ap                cstackBANK1  00BA
sprintf@c                 cstackBANK1  00BE
sprintf@f                 cstackBANK1  00B0
sprintf@flag              cstackBANK1  00B8
sprintf@prec              cstackBANK1  00B9
sprintf@sp                cstackBANK1  00BD
sprintf@val               cstackBANK1  00BB
start                     init         0000
start_initialization      cinit        07E3
strcat@cp                 cstackCOMMON 0073
strcat@from               cstackCOMMON 0070
strcat@to                 cstackCOMMON 0074
strcpy@cp                 cstackCOMMON 0073
strcpy@from               cstackCOMMON 0070
strcpy@to                 cstackCOMMON 0074
wtemp0                    (abs)        007E


MODULE INFORMATION

Module		Function		Class		Link	Load	Size
C:\Program Files\Microchip\xc8\v2.40\pic\sources\c90\common\fltol.c
		___fltol       		CODE           	1633	0000	142

C:\Program Files\Microchip\xc8\v2.40\pic\sources\c90\common\fltol.c estimated size: 142

Proyecto_Final.c
		_main          		CODE           	0369	0000	1146

Proyecto_Final.c estimated size: 1146

C:\Program Files\Microchip\xc8\v2.40\pic\sources\c90\common\strcpy.c
		_strcpy        		CODE           	12F1	0000	37

C:\Program Files\Microchip\xc8\v2.40\pic\sources\c90\common\strcpy.c estimated size: 37

uart.c
		_USART_TxChar  		CODE           	000A	0000	10
		_USART_SendString		CODE           	1362	0000	38
		_USART_Init    		CODE           	14B1	0000	68

uart.c estimated size: 116

C:\Program Files\Microchip\xc8\v2.40\pic\sources\c90\common\aldiv.c
		___aldiv       		CODE           	16C1	0000	157

C:\Program Files\Microchip\xc8\v2.40\pic\sources\c90\common\aldiv.c estimated size: 157

C:\Program Files\Microchip\xc8\v2.40\pic\sources\c90\common\sprcmul.c
		___flmul       		CODE           	0024	0000	837

C:\Program Files\Microchip\xc8\v2.40\pic\sources\c90\common\sprcmul.c estimated size: 837

C:\Program Files\Microchip\xc8\v2.40\pic\sources\c90\common\sprcdiv.c
		___fldiv       		CODE           	0BD5	0000	467

C:\Program Files\Microchip\xc8\v2.40\pic\sources\c90\common\sprcdiv.c estimated size: 467

C:\Program Files\Microchip\xc8\v2.40\pic\sources\c90\common\fleq.c
		___fleq        		CODE           	1539	0000	78

C:\Program Files\Microchip\xc8\v2.40\pic\sources\c90\common\fleq.c estimated size: 78

C:\Program Files\Microchip\xc8\v2.40\pic\sources\c90\common\evalpoly.c
		_eval_poly     		CODE           	08C4	0000	218

C:\Program Files\Microchip\xc8\v2.40\pic\sources\c90\common\evalpoly.c estimated size: 218

C:\Program Files\Microchip\xc8\v2.40\pic\sources\c90\common\Umul8_16.c
		__Umul8_16     		CODE           	1388	0000	39

C:\Program Files\Microchip\xc8\v2.40\pic\sources\c90\common\Umul8_16.c estimated size: 39

C:\Program Files\Microchip\xc8\v2.40\pic\sources\c90\common\doprnt.c
		_sprintf       		CODE           	099E	0000	241

C:\Program Files\Microchip\xc8\v2.40\pic\sources\c90\common\doprnt.c estimated size: 241

C:\Program Files\Microchip\xc8\v2.40\pic\sources\c90\common\log.c
		_log           		CODE           	0A8F	0000	326

C:\Program Files\Microchip\xc8\v2.40\pic\sources\c90\common\log.c estimated size: 326

C:\Program Files\Microchip\xc8\v2.40\pic\sources\c90\common\lwmod.c
		___lwmod       		CODE           	1477	0000	58

C:\Program Files\Microchip\xc8\v2.40\pic\sources\c90\common\lwmod.c estimated size: 58

shared
		__stringtab    		STRING         	1000	0000	16
		_dpowers       		STRING         	1010	0000	10
		__initialization		CODE           	07E3	0000	25
		log@coeff      		STRING         	101A	0000	36

shared estimated size: 87

C:\Program Files\Microchip\xc8\v2.40\pic\sources\c90\common\sprcadd.c
		___flsub       		CODE           	1587	0000	80
		___fladd       		CODE           	0DA8	0000	600

C:\Program Files\Microchip\xc8\v2.40\pic\sources\c90\common\sprcadd.c estimated size: 680

C:\Program Files\Microchip\xc8\v2.40\pic\sources\c90\common\frexp.c
		_frexp         		CODE           	15D7	0000	92

C:\Program Files\Microchip\xc8\v2.40\pic\sources\c90\common\frexp.c estimated size: 92

C:\Program Files\Microchip\xc8\v2.40\pic\sources\c90\common\flge.c
		___flge        		CODE           	175E	0000	162

C:\Program Files\Microchip\xc8\v2.40\pic\sources\c90\common\flge.c estimated size: 162

C:\Program Files\Microchip\xc8\v2.40\pic\sources\c90\common\strcat.c
		_strcat        		CODE           	13D9	0000	50

C:\Program Files\Microchip\xc8\v2.40\pic\sources\c90\common\strcat.c estimated size: 50

C:\Program Files\Microchip\xc8\v2.40\pic\sources\c90\common\lwdiv.c
		___lwdiv       		CODE           	14F5	0000	68

C:\Program Files\Microchip\xc8\v2.40\pic\sources\c90\common\lwdiv.c estimated size: 68

C:\Program Files\Microchip\xc8\v2.40\pic\sources\c90\common\xxtofl.c
		___xxtofl      		CODE           	080C	0000	184

C:\Program Files\Microchip\xc8\v2.40\pic\sources\c90\common\xxtofl.c estimated size: 184

LCD.c
		_LCD_String    		CODE           	1316	0000	38
		_LCD_Init      		CODE           	13AF	0000	42
		_LCD_Command   		CODE           	140B	0000	54
		_LCD_String_xy 		CODE           	133C	0000	38
		_LCD_Char      		CODE           	1441	0000	54
		_LCD_Clear     		CODE           	0014	0000	16

LCD.c estimated size: 242

