MPLINK 5.09, LINKER
Linker Map File - Created Wed Dec 14 08:10:17 2022

                                 Section Info
                  Section       Type    Address   Location Size(Bytes)
                ---------  ---------  ---------  ---------  ---------
                   .org_0       code   0x000000    program   0x000078
                   .cinit    romdata   0x00003c    program   0x000004
.config_2007_BUILD/DEFAULT/PRODUCTION/MAINPIN       code   0x002007    program   0x000002
.config_2008_BUILD/DEFAULT/PRODUCTION/MAINPIN       code   0x002008    program   0x000002



                              Program Memory Usage 
                               Start         End      
                           ---------   ---------      
                            0x000000    0x00003d      
                            0x002007    0x002008      
            64 out of 8455 program addresses used, program memory utilization is 0%



                              Symbols - Sorted by Name
                     Name    Address   Location    Storage File                     
                ---------  ---------  ---------  --------- ---------                
                    BOTON   0x00000d    program     static D:\ Documentos\ejemploensamblador\ejemploensamblador\ejemplo1.X\mainpines.asm
                   EFECTO   0x000013    program     static D:\ Documentos\ejemploensamblador\ejemploensamblador\ejemplo1.X\mainpines.asm
                   INICIO   0x000001    program     static D:\ Documentos\ejemploensamblador\ejemploensamblador\ejemplo1.X\mainpines.asm
                     LOOP   0x000016    program     static D:\ Documentos\ejemploensamblador\ejemploensamblador\ejemplo1.X\mainpines.asm
                    REP_1   0x000035    program     static D:\ Documentos\ejemploensamblador\ejemploensamblador\ejemplo1.X\mainpines.asm
                    REP_2   0x000037    program     static D:\ Documentos\ejemploensamblador\ejemploensamblador\ejemplo1.X\mainpines.asm
                  RETARDO   0x000033    program     static D:\ Documentos\ejemploensamblador\ejemploensamblador\ejemplo1.X\mainpines.asm
               SECUENCIA1   0x000018    program     static D:\ Documentos\ejemploensamblador\ejemploensamblador\ejemplo1.X\mainpines.asm
               SECUENCIA2   0x00001e    program     static D:\ Documentos\ejemploensamblador\ejemploensamblador\ejemplo1.X\mainpines.asm
               SECUENCIA4   0x000026    program     static D:\ Documentos\ejemploensamblador\ejemploensamblador\ejemplo1.X\mainpines.asm
               SECUENCIA5   0x00002e    program     static D:\ Documentos\ejemploensamblador\ejemploensamblador\ejemplo1.X\mainpines.asm



                              Symbols - Sorted by Address
                     Name    Address   Location    Storage File                     
                ---------  ---------  ---------  --------- ---------                
                   INICIO   0x000001    program     static D:\ Documentos\ejemploensamblador\ejemploensamblador\ejemplo1.X\mainpines.asm
                    BOTON   0x00000d    program     static D:\ Documentos\ejemploensamblador\ejemploensamblador\ejemplo1.X\mainpines.asm
                   EFECTO   0x000013    program     static D:\ Documentos\ejemploensamblador\ejemploensamblador\ejemplo1.X\mainpines.asm
                     LOOP   0x000016    program     static D:\ Documentos\ejemploensamblador\ejemploensamblador\ejemplo1.X\mainpines.asm
               SECUENCIA1   0x000018    program     static D:\ Documentos\ejemploensamblador\ejemploensamblador\ejemplo1.X\mainpines.asm
               SECUENCIA2   0x00001e    program     static D:\ Documentos\ejemploensamblador\ejemploensamblador\ejemplo1.X\mainpines.asm
               SECUENCIA4   0x000026    program     static D:\ Documentos\ejemploensamblador\ejemploensamblador\ejemplo1.X\mainpines.asm
               SECUENCIA5   0x00002e    program     static D:\ Documentos\ejemploensamblador\ejemploensamblador\ejemplo1.X\mainpines.asm
                  RETARDO   0x000033    program     static D:\ Documentos\ejemploensamblador\ejemploensamblador\ejemplo1.X\mainpines.asm
                    REP_1   0x000035    program     static D:\ Documentos\ejemploensamblador\ejemploensamblador\ejemplo1.X\mainpines.asm
                    REP_2   0x000037    program     static D:\ Documentos\ejemploensamblador\ejemploensamblador\ejemplo1.X\mainpines.asm


